#! /c/Source/iverilog-install/bin/vvp
:ivl_version "12.0 (devel)" "(s20150603-1539-g2693dd32b)";
:ivl_delay_selection "TYPICAL";
:vpi_time_precision - 12;
:vpi_module "C:\iverilog\lib\ivl\system.vpi";
:vpi_module "C:\iverilog\lib\ivl\vhdl_sys.vpi";
:vpi_module "C:\iverilog\lib\ivl\vhdl_textio.vpi";
:vpi_module "C:\iverilog\lib\ivl\v2005_math.vpi";
:vpi_module "C:\iverilog\lib\ivl\va_math.vpi";
S_00000229708e64b0 .scope module, "alu4bits" "alu4bits" 2 3;
 .timescale -9 -12;
    .port_info 0 /INPUT 4 "A";
    .port_info 1 /INPUT 4 "B";
    .port_info 2 /INPUT 2 "option";
    .port_info 3 /OUTPUT 4 "result";
o00000229707b6fb8 .functor BUFZ 4, C4<zzzz>; HiZ drive
o00000229707b6fe8 .functor BUFZ 4, C4<zzzz>; HiZ drive
L_00000229707b48c0 .functor AND 4, o00000229707b6fb8, o00000229707b6fe8, C4<1111>, C4<1111>;
L_00000229707b4150 .functor OR 4, o00000229707b6fb8, o00000229707b6fe8, C4<0000>, C4<0000>;
v00000229708e6b90_0 .net "A", 3 0, o00000229707b6fb8;  0 drivers
v00000229708ebd60_0 .net "B", 3 0, o00000229707b6fe8;  0 drivers
L_00000229707fc838 .functor BUFT 1, C4<00>, C4<0>, C4<0>, C4<0>;
v00000229708ebe00_0 .net/2u *"_ivl_0", 1 0, L_00000229707fc838;  1 drivers
v00000229708e6640_0 .net *"_ivl_10", 3 0, L_00000229707fc1d0;  1 drivers
L_00000229707fc8c8 .functor BUFT 1, C4<10>, C4<0>, C4<0>, C4<0>;
v00000229708e66e0_0 .net/2u *"_ivl_12", 1 0, L_00000229707fc8c8;  1 drivers
v00000229708e6780_0 .net *"_ivl_14", 0 0, L_00000229707fc4f0;  1 drivers
v00000229707fbeb0_0 .net *"_ivl_16", 3 0, L_00000229707b48c0;  1 drivers
L_00000229707fc910 .functor BUFT 1, C4<11>, C4<0>, C4<0>, C4<0>;
v00000229707fbcd0_0 .net/2u *"_ivl_18", 1 0, L_00000229707fc910;  1 drivers
v00000229707fc590_0 .net *"_ivl_2", 0 0, L_00000229707fc630;  1 drivers
v00000229707fbe10_0 .net *"_ivl_20", 0 0, L_00000229707fc770;  1 drivers
v00000229707fc090_0 .net *"_ivl_22", 3 0, L_00000229707b4150;  1 drivers
L_00000229707fc958 .functor BUFT 1, C4<0000>, C4<0>, C4<0>, C4<0>;
v00000229707fc130_0 .net/2u *"_ivl_24", 3 0, L_00000229707fc958;  1 drivers
v00000229707fbb90_0 .net *"_ivl_26", 3 0, L_00000229707fb870;  1 drivers
v00000229707fbc30_0 .net *"_ivl_28", 3 0, L_00000229707fba50;  1 drivers
v00000229707fbf50_0 .net *"_ivl_30", 3 0, L_00000229707fc270;  1 drivers
v00000229707fbd70_0 .net *"_ivl_4", 3 0, L_00000229707fc6d0;  1 drivers
L_00000229707fc880 .functor BUFT 1, C4<01>, C4<0>, C4<0>, C4<0>;
v00000229707fb9b0_0 .net/2u *"_ivl_6", 1 0, L_00000229707fc880;  1 drivers
v00000229707fbff0_0 .net *"_ivl_8", 0 0, L_00000229707fc3b0;  1 drivers
o00000229707b7318 .functor BUFZ 2, C4<zz>; HiZ drive
v00000229707fc310_0 .net "option", 1 0, o00000229707b7318;  0 drivers
v00000229707fc450_0 .net "result", 3 0, L_00000229707fb910;  1 drivers
L_00000229707fc630 .cmp/eq 2, o00000229707b7318, L_00000229707fc838;
L_00000229707fc6d0 .arith/sum 4, o00000229707b6fb8, o00000229707b6fe8;
L_00000229707fc3b0 .cmp/eq 2, o00000229707b7318, L_00000229707fc880;
L_00000229707fc1d0 .arith/sub 4, o00000229707b6fb8, o00000229707b6fe8;
L_00000229707fc4f0 .cmp/eq 2, o00000229707b7318, L_00000229707fc8c8;
L_00000229707fc770 .cmp/eq 2, o00000229707b7318, L_00000229707fc910;
L_00000229707fb870 .functor MUXZ 4, L_00000229707fc958, L_00000229707b4150, L_00000229707fc770, C4<>;
L_00000229707fba50 .functor MUXZ 4, L_00000229707fb870, L_00000229707b48c0, L_00000229707fc4f0, C4<>;
L_00000229707fc270 .functor MUXZ 4, L_00000229707fba50, L_00000229707fc1d0, L_00000229707fc3b0, C4<>;
L_00000229707fb910 .functor MUXZ 4, L_00000229707fc270, L_00000229707fc6d0, L_00000229707fc630, C4<>;
# The file index is used to find the file name in the following table.
:file_names 3;
    "N/A";
    "<interactive>";
    "alu4bits.v";
