#! /c/Source/iverilog-install/bin/vvp
:ivl_version "12.0 (devel)" "(s20150603-1539-g2693dd32b)";
:ivl_delay_selection "TYPICAL";
:vpi_time_precision - 12;
:vpi_module "C:\iverilog\lib\ivl\system.vpi";
:vpi_module "C:\iverilog\lib\ivl\vhdl_sys.vpi";
:vpi_module "C:\iverilog\lib\ivl\vhdl_textio.vpi";
:vpi_module "C:\iverilog\lib\ivl\v2005_math.vpi";
:vpi_module "C:\iverilog\lib\ivl\va_math.vpi";
S_00000231d196c7c0 .scope module, "top" "top" 2 5;
 .timescale -9 -12;
    .port_info 0 /INPUT 1 "clk";
    .port_info 1 /INPUT 4 "sw";
    .port_info 2 /INPUT 4 "btn";
    .port_info 3 /OUTPUT 4 "led";
    .port_info 4 /OUTPUT 1 "red";
    .port_info 5 /OUTPUT 1 "green";
    .port_info 6 /OUTPUT 1 "blue";
L_00000231d19bc660 .functor NOT 4, v00000231d1a0f6f0_0, C4<0000>, C4<0000>, C4<0000>;
L_00000231d19bc740 .functor AND 4, v00000231d1a0e390_0, L_00000231d19bc660, C4<1111>, C4<1111>;
L_00000231d19bc190 .functor OR 1, L_00000231d1a0db70, L_00000231d1a0df30, C4<0>, C4<0>;
L_00000231d19bc6d0 .functor OR 1, L_00000231d1a5b210, L_00000231d1a5b7b0, C4<0>, C4<0>;
v00000231d1a0f790_0 .net *"_ivl_0", 3 0, L_00000231d19bc660;  1 drivers
v00000231d1a0ee30_0 .net *"_ivl_11", 0 0, L_00000231d1a0f290;  1 drivers
v00000231d1a0e570_0 .net *"_ivl_15", 0 0, L_00000231d1a0da30;  1 drivers
v00000231d1a0f150_0 .net *"_ivl_20", 0 0, L_00000231d1a0dfd0;  1 drivers
L_00000231d1a0fa20 .functor BUFT 1, C4<01>, C4<0>, C4<0>, C4<0>;
v00000231d1a0e250_0 .net/2u *"_ivl_21", 1 0, L_00000231d1a0fa20;  1 drivers
v00000231d1a0e4d0_0 .net *"_ivl_23", 0 0, L_00000231d1a0db70;  1 drivers
L_00000231d1a0fa68 .functor BUFT 1, C4<11>, C4<0>, C4<0>, C4<0>;
v00000231d1a0e890_0 .net/2u *"_ivl_25", 1 0, L_00000231d1a0fa68;  1 drivers
v00000231d1a0eb10_0 .net *"_ivl_27", 0 0, L_00000231d1a0df30;  1 drivers
L_00000231d1a0fab0 .functor BUFT 1, C4<00>, C4<0>, C4<0>, C4<0>;
v00000231d1a0de90_0 .net/2u *"_ivl_31", 1 0, L_00000231d1a0fab0;  1 drivers
v00000231d1a0e1b0_0 .net *"_ivl_33", 0 0, L_00000231d1a5b210;  1 drivers
L_00000231d1a0faf8 .functor BUFT 1, C4<11>, C4<0>, C4<0>, C4<0>;
v00000231d1a0e2f0_0 .net/2u *"_ivl_35", 1 0, L_00000231d1a0faf8;  1 drivers
v00000231d1a0e610_0 .net *"_ivl_37", 0 0, L_00000231d1a5b7b0;  1 drivers
L_00000231d1a0fb40 .functor BUFT 1, C4<10>, C4<0>, C4<0>, C4<0>;
v00000231d1a0f330_0 .net/2u *"_ivl_41", 1 0, L_00000231d1a0fb40;  1 drivers
v00000231d1a0f010_0 .net *"_ivl_7", 0 0, L_00000231d1a0ddf0;  1 drivers
v00000231d1a0ebb0_0 .net "alu_result", 3 0, L_00000231d1a0f1f0;  1 drivers
v00000231d1a0ea70_0 .net "blue", 0 0, L_00000231d1a5abd0;  1 drivers
o00000231d19bf728 .functor BUFZ 4, C4<zzzz>; HiZ drive
v00000231d1a0e930_0 .net "btn", 3 0, o00000231d19bf728;  0 drivers
v00000231d1a0f650_0 .net "btn_pulse", 3 0, L_00000231d19bc740;  1 drivers
v00000231d1a0e390_0 .var "btn_reg0", 3 0;
v00000231d1a0f6f0_0 .var "btn_reg1", 3 0;
o00000231d19bf7e8 .functor BUFZ 1, C4<z>; HiZ drive
v00000231d1a0e430_0 .net "clk", 0 0, o00000231d19bf7e8;  0 drivers
v00000231d1a0dcb0_0 .net "green", 0 0, L_00000231d19bc6d0;  1 drivers
v00000231d1a0f510_0 .net "led", 3 0, L_00000231d1a0d990;  1 drivers
v00000231d1a0e6b0_0 .var "option_reg", 1 0;
v00000231d1a0f3d0_0 .net "red", 0 0, L_00000231d19bc190;  1 drivers
v00000231d1a0ef70_0 .var "reg_A", 3 0;
v00000231d1a0e750_0 .var "reg_B", 3 0;
o00000231d19bf8a8 .functor BUFZ 4, C4<zzzz>; HiZ drive
v00000231d1a0ec50_0 .net "sw", 3 0, o00000231d19bf8a8;  0 drivers
E_00000231d19af2d0 .event posedge, v00000231d1a0e430_0;
L_00000231d1a0ddf0 .part L_00000231d1a0f1f0, 0, 1;
L_00000231d1a0f290 .part L_00000231d1a0f1f0, 1, 1;
L_00000231d1a0da30 .part L_00000231d1a0f1f0, 2, 1;
L_00000231d1a0d990 .concat8 [ 1 1 1 1], L_00000231d1a0ddf0, L_00000231d1a0f290, L_00000231d1a0da30, L_00000231d1a0dfd0;
L_00000231d1a0dfd0 .part L_00000231d1a0f1f0, 3, 1;
L_00000231d1a0db70 .cmp/eq 2, v00000231d1a0e6b0_0, L_00000231d1a0fa20;
L_00000231d1a0df30 .cmp/eq 2, v00000231d1a0e6b0_0, L_00000231d1a0fa68;
L_00000231d1a5b210 .cmp/eq 2, v00000231d1a0e6b0_0, L_00000231d1a0fab0;
L_00000231d1a5b7b0 .cmp/eq 2, v00000231d1a0e6b0_0, L_00000231d1a0faf8;
L_00000231d1a5abd0 .cmp/eq 2, v00000231d1a0e6b0_0, L_00000231d1a0fb40;
S_00000231d196c950 .scope module, "alu_inst" "alu4bits" 2 81, 3 3 0, S_00000231d196c7c0;
 .timescale -9 -12;
    .port_info 0 /INPUT 4 "A";
    .port_info 1 /INPUT 4 "B";
    .port_info 2 /INPUT 2 "option";
    .port_info 3 /OUTPUT 4 "result";
L_00000231d19bc270 .functor AND 4, v00000231d1a0ef70_0, v00000231d1a0e750_0, C4<1111>, C4<1111>;
L_00000231d19bc430 .functor OR 4, v00000231d1a0ef70_0, v00000231d1a0e750_0, C4<0000>, C4<0000>;
v00000231d19aa2e0_0 .net "A", 3 0, v00000231d1a0ef70_0;  1 drivers
v00000231d19aab00_0 .net "B", 3 0, v00000231d1a0e750_0;  1 drivers
L_00000231d1a0f8b8 .functor BUFT 1, C4<00>, C4<0>, C4<0>, C4<0>;
v00000231d19aa380_0 .net/2u *"_ivl_0", 1 0, L_00000231d1a0f8b8;  1 drivers
v00000231d19aa7e0_0 .net *"_ivl_10", 3 0, L_00000231d1a0ed90;  1 drivers
L_00000231d1a0f948 .functor BUFT 1, C4<10>, C4<0>, C4<0>, C4<0>;
v00000231d19aae20_0 .net/2u *"_ivl_12", 1 0, L_00000231d1a0f948;  1 drivers
v00000231d19aa560_0 .net *"_ivl_14", 0 0, L_00000231d1a0f5b0;  1 drivers
v00000231d19aa4c0_0 .net *"_ivl_16", 3 0, L_00000231d19bc270;  1 drivers
L_00000231d1a0f990 .functor BUFT 1, C4<11>, C4<0>, C4<0>, C4<0>;
v00000231d19aa920_0 .net/2u *"_ivl_18", 1 0, L_00000231d1a0f990;  1 drivers
v00000231d19aa9c0_0 .net *"_ivl_2", 0 0, L_00000231d1a0f470;  1 drivers
v00000231d19aaa60_0 .net *"_ivl_20", 0 0, L_00000231d1a0dd50;  1 drivers
v00000231d19aaba0_0 .net *"_ivl_22", 3 0, L_00000231d19bc430;  1 drivers
L_00000231d1a0f9d8 .functor BUFT 1, C4<0000>, C4<0>, C4<0>, C4<0>;
v00000231d19aa100_0 .net/2u *"_ivl_24", 3 0, L_00000231d1a0f9d8;  1 drivers
v00000231d19aa420_0 .net *"_ivl_26", 3 0, L_00000231d1a0f0b0;  1 drivers
v00000231d19aac40_0 .net *"_ivl_28", 3 0, L_00000231d1a0e7f0;  1 drivers
v00000231d19aa600_0 .net *"_ivl_30", 3 0, L_00000231d1a0e9d0;  1 drivers
v00000231d1a0dc10_0 .net *"_ivl_4", 3 0, L_00000231d1a0ecf0;  1 drivers
L_00000231d1a0f900 .functor BUFT 1, C4<01>, C4<0>, C4<0>, C4<0>;
v00000231d1a0eed0_0 .net/2u *"_ivl_6", 1 0, L_00000231d1a0f900;  1 drivers
v00000231d1a0e110_0 .net *"_ivl_8", 0 0, L_00000231d1a0d8f0;  1 drivers
v00000231d1a0dad0_0 .net "option", 1 0, v00000231d1a0e6b0_0;  1 drivers
v00000231d1a0e070_0 .net "result", 3 0, L_00000231d1a0f1f0;  alias, 1 drivers
L_00000231d1a0f470 .cmp/eq 2, v00000231d1a0e6b0_0, L_00000231d1a0f8b8;
L_00000231d1a0ecf0 .arith/sum 4, v00000231d1a0ef70_0, v00000231d1a0e750_0;
L_00000231d1a0d8f0 .cmp/eq 2, v00000231d1a0e6b0_0, L_00000231d1a0f900;
L_00000231d1a0ed90 .arith/sub 4, v00000231d1a0ef70_0, v00000231d1a0e750_0;
L_00000231d1a0f5b0 .cmp/eq 2, v00000231d1a0e6b0_0, L_00000231d1a0f948;
L_00000231d1a0dd50 .cmp/eq 2, v00000231d1a0e6b0_0, L_00000231d1a0f990;
L_00000231d1a0f0b0 .functor MUXZ 4, L_00000231d1a0f9d8, L_00000231d19bc430, L_00000231d1a0dd50, C4<>;
L_00000231d1a0e7f0 .functor MUXZ 4, L_00000231d1a0f0b0, L_00000231d19bc270, L_00000231d1a0f5b0, C4<>;
L_00000231d1a0e9d0 .functor MUXZ 4, L_00000231d1a0e7f0, L_00000231d1a0ed90, L_00000231d1a0d8f0, C4<>;
L_00000231d1a0f1f0 .functor MUXZ 4, L_00000231d1a0e9d0, L_00000231d1a0ecf0, L_00000231d1a0f470, C4<>;
    .scope S_00000231d196c7c0;
T_0 ;
    %pushi/vec4 0, 0, 4;
    %store/vec4 v00000231d1a0ef70_0, 0, 4;
    %pushi/vec4 0, 0, 4;
    %store/vec4 v00000231d1a0e750_0, 0, 4;
    %pushi/vec4 0, 0, 2;
    %store/vec4 v00000231d1a0e6b0_0, 0, 2;
    %pushi/vec4 0, 0, 4;
    %store/vec4 v00000231d1a0e390_0, 0, 4;
    %pushi/vec4 0, 0, 4;
    %store/vec4 v00000231d1a0f6f0_0, 0, 4;
    %end;
    .thread T_0;
    .scope S_00000231d196c7c0;
T_1 ;
    %wait E_00000231d19af2d0;
    %load/vec4 v00000231d1a0e930_0;
    %assign/vec4 v00000231d1a0e390_0, 0;
    %load/vec4 v00000231d1a0e390_0;
    %assign/vec4 v00000231d1a0f6f0_0, 0;
    %jmp T_1;
    .thread T_1;
    .scope S_00000231d196c7c0;
T_2 ;
    %wait E_00000231d19af2d0;
    %load/vec4 v00000231d1a0f650_0;
    %parti/s 1, 0, 2;
    %flag_set/vec4 8;
    %jmp/0xz  T_2.0, 8;
    %load/vec4 v00000231d1a0ec50_0;
    %assign/vec4 v00000231d1a0ef70_0, 0;
T_2.0 ;
    %load/vec4 v00000231d1a0f650_0;
    %parti/s 1, 1, 2;
    %flag_set/vec4 8;
    %jmp/0xz  T_2.2, 8;
    %load/vec4 v00000231d1a0ec50_0;
    %assign/vec4 v00000231d1a0e750_0, 0;
T_2.2 ;
    %load/vec4 v00000231d1a0f650_0;
    %parti/s 1, 2, 3;
    %flag_set/vec4 8;
    %jmp/0xz  T_2.4, 8;
    %load/vec4 v00000231d1a0e6b0_0;
    %parti/s 1, 0, 2;
    %inv;
    %ix/load 4, 0, 0;
    %ix/load 5, 0, 0;
    %flag_set/imm 4, 0;
    %assign/vec4/off/d v00000231d1a0e6b0_0, 4, 5;
T_2.4 ;
    %load/vec4 v00000231d1a0f650_0;
    %parti/s 1, 3, 3;
    %flag_set/vec4 8;
    %jmp/0xz  T_2.6, 8;
    %load/vec4 v00000231d1a0e6b0_0;
    %parti/s 1, 1, 2;
    %inv;
    %ix/load 4, 1, 0;
    %ix/load 5, 0, 0;
    %flag_set/imm 4, 0;
    %assign/vec4/off/d v00000231d1a0e6b0_0, 4, 5;
T_2.6 ;
    %jmp T_2;
    .thread T_2;
# The file index is used to find the file name in the following table.
:file_names 4;
    "N/A";
    "<interactive>";
    "top.v";
    "./../src/alu4bits.v";
