#! /c/Source/iverilog-install/bin/vvp
:ivl_version "14.0 (devel)";
:ivl_delay_selection "TYPICAL";
:vpi_time_precision - 12;
:vpi_module "C:\Users\alina\scoop\apps\iverilog\current\lib\ivl\system.vpi";
:vpi_module "C:\Users\alina\scoop\apps\iverilog\current\lib\ivl\vhdl_sys.vpi";
:vpi_module "C:\Users\alina\scoop\apps\iverilog\current\lib\ivl\vhdl_textio.vpi";
:vpi_module "C:\Users\alina\scoop\apps\iverilog\current\lib\ivl\v2005_math.vpi";
:vpi_module "C:\Users\alina\scoop\apps\iverilog\current\lib\ivl\va_math.vpi";
S_000001D35C8FFC00 .scope module, "tb_semaforo" "tb_semaforo" 2 4;
 .timescale -9 -12;
v000001D35C8EC6B0_0 .net "amarillo", 1 0, v000001D35C8ECBB0_0;  1 drivers
v000001D35C8EC430_0 .var "clk", 0 0;
v000001D35C8ECF70_0 .net "rojo", 1 0, v000001D35C8ECB10_0;  1 drivers
v000001D35C8EC390_0 .var "rst", 0 0;
v000001D35C8ECED0_0 .net "verde", 1 0, v000001D35C8EC570_0;  1 drivers
S_000001D35C8FFD90 .scope module, "uut" "semaforo" 2 15, 3 1 0, S_000001D35C8FFC00;
 .timescale -9 -12;
    .port_info 0 /INPUT 1 "clk";
    .port_info 1 /INPUT 1 "rst";
    .port_info 2 /OUTPUT 2 "verde";
    .port_info 3 /OUTPUT 2 "amarillo";
    .port_info 4 /OUTPUT 2 "rojo";
P_000001D35C8EBDD0 .param/l "S0" 1 3 11, C4<00>;
P_000001D35C8EBE08 .param/l "S1" 1 3 12, C4<01>;
P_000001D35C8EBE40 .param/l "S2" 1 3 13, C4<10>;
v000001D35C8ECBB0_0 .var "amarillo", 1 0;
v000001D35C8ED1F0_0 .net "clk", 0 0, v000001D35C8EC430_0;  1 drivers
v000001D35C8EC930_0 .var "contador", 3 0;
v000001D35C8ECA70_0 .var "estado", 1 0;
v000001D35C8ECB10_0 .var "rojo", 1 0;
v000001D35C8EC9D0_0 .net "rst", 0 0, v000001D35C8EC390_0;  1 drivers
v000001D35C8EC570_0 .var "verde", 1 0;
E_000001D35C8E7EE0 .event posedge, v000001D35C8EC9D0_0, v000001D35C8ED1F0_0;
    .scope S_000001D35C8FFD90;
T_0 ;
    %wait E_000001D35C8E7EE0;
    %load/vec4 v000001D35C8EC9D0_0;
    %flag_set/vec4 8;
    %jmp/0xz  T_0.0, 8;
    %pushi/vec4 0, 0, 2;
    %assign/vec4 v000001D35C8ECA70_0, 0;
    %pushi/vec4 0, 0, 4;
    %assign/vec4 v000001D35C8EC930_0, 0;
    %pushi/vec4 0, 0, 2;
    %assign/vec4 v000001D35C8EC570_0, 0;
    %pushi/vec4 0, 0, 2;
    %assign/vec4 v000001D35C8ECBB0_0, 0;
    %pushi/vec4 0, 0, 2;
    %assign/vec4 v000001D35C8ECB10_0, 0;
    %jmp T_0.1;
T_0.0 ;
    %load/vec4 v000001D35C8ECA70_0;
    %cmpi/e 0, 0, 2;
    %jmp/0xz  T_0.2, 4;
    %pushi/vec4 1, 0, 2;
    %assign/vec4 v000001D35C8EC570_0, 0;
    %pushi/vec4 0, 0, 2;
    %assign/vec4 v000001D35C8ECBB0_0, 0;
    %pushi/vec4 0, 0, 2;
    %assign/vec4 v000001D35C8ECB10_0, 0;
    %load/vec4 v000001D35C8EC930_0;
    %pad/u 32;
    %cmpi/e 4, 0, 32;
    %jmp/0xz  T_0.4, 4;
    %pushi/vec4 1, 0, 2;
    %assign/vec4 v000001D35C8ECA70_0, 0;
    %load/vec4 v000001D35C8EC930_0;
    %addi 1, 0, 4;
    %assign/vec4 v000001D35C8EC930_0, 0;
    %jmp T_0.5;
T_0.4 ;
    %load/vec4 v000001D35C8EC930_0;
    %addi 1, 0, 4;
    %assign/vec4 v000001D35C8EC930_0, 0;
T_0.5 ;
T_0.2 ;
    %load/vec4 v000001D35C8ECA70_0;
    %cmpi/e 1, 0, 2;
    %jmp/0xz  T_0.6, 4;
    %pushi/vec4 0, 0, 2;
    %assign/vec4 v000001D35C8EC570_0, 0;
    %pushi/vec4 1, 0, 2;
    %assign/vec4 v000001D35C8ECBB0_0, 0;
    %pushi/vec4 0, 0, 2;
    %assign/vec4 v000001D35C8ECB10_0, 0;
    %load/vec4 v000001D35C8EC930_0;
    %pad/u 32;
    %cmpi/e 6, 0, 32;
    %jmp/0xz  T_0.8, 4;
    %pushi/vec4 2, 0, 2;
    %assign/vec4 v000001D35C8ECA70_0, 0;
    %load/vec4 v000001D35C8EC930_0;
    %addi 1, 0, 4;
    %assign/vec4 v000001D35C8EC930_0, 0;
    %jmp T_0.9;
T_0.8 ;
    %load/vec4 v000001D35C8EC930_0;
    %addi 1, 0, 4;
    %assign/vec4 v000001D35C8EC930_0, 0;
T_0.9 ;
    %load/vec4 v000001D35C8EC930_0;
    %pad/u 32;
    %cmpi/e 12, 0, 32;
    %jmp/0xz  T_0.10, 4;
    %pushi/vec4 0, 0, 2;
    %assign/vec4 v000001D35C8ECA70_0, 0;
    %pushi/vec4 0, 0, 4;
    %assign/vec4 v000001D35C8EC930_0, 0;
    %jmp T_0.11;
T_0.10 ;
    %load/vec4 v000001D35C8EC930_0;
    %addi 1, 0, 4;
    %assign/vec4 v000001D35C8EC930_0, 0;
T_0.11 ;
T_0.6 ;
    %load/vec4 v000001D35C8ECA70_0;
    %cmpi/e 2, 0, 2;
    %jmp/0xz  T_0.12, 4;
    %pushi/vec4 0, 0, 2;
    %assign/vec4 v000001D35C8EC570_0, 0;
    %pushi/vec4 0, 0, 2;
    %assign/vec4 v000001D35C8ECBB0_0, 0;
    %pushi/vec4 1, 0, 2;
    %assign/vec4 v000001D35C8ECB10_0, 0;
    %load/vec4 v000001D35C8EC930_0;
    %pad/u 32;
    %cmpi/e 10, 0, 32;
    %jmp/0xz  T_0.14, 4;
    %pushi/vec4 1, 0, 2;
    %assign/vec4 v000001D35C8ECA70_0, 0;
    %load/vec4 v000001D35C8EC930_0;
    %addi 1, 0, 4;
    %assign/vec4 v000001D35C8EC930_0, 0;
    %jmp T_0.15;
T_0.14 ;
    %load/vec4 v000001D35C8EC930_0;
    %addi 1, 0, 4;
    %assign/vec4 v000001D35C8EC930_0, 0;
T_0.15 ;
T_0.12 ;
T_0.1 ;
    %jmp T_0;
    .thread T_0;
    .scope S_000001D35C8FFC00;
T_1 ;
    %delay 5000, 0;
    %load/vec4 v000001D35C8EC430_0;
    %inv;
    %store/vec4 v000001D35C8EC430_0, 0, 1;
    %jmp T_1;
    .thread T_1;
    .scope S_000001D35C8FFC00;
T_2 ;
    %pushi/vec4 0, 0, 1;
    %store/vec4 v000001D35C8EC430_0, 0, 1;
    %pushi/vec4 1, 0, 1;
    %store/vec4 v000001D35C8EC390_0, 0, 1;
    %delay 20000, 0;
    %pushi/vec4 0, 0, 1;
    %store/vec4 v000001D35C8EC390_0, 0, 1;
    %delay 300000, 0;
    %vpi_call 2 41 "$finish" {0 0 0};
    %end;
    .thread T_2;
    .scope S_000001D35C8FFC00;
T_3 ;
    %vpi_call 2 47 "$dumpfile", "semaforo1.vcd" {0 0 0};
    %vpi_call 2 48 "$dumpvars", 32'sb00000000000000000000000000000000, S_000001D35C8FFC00 {0 0 0};
    %vpi_call 2 50 "$monitor", "Tiempo = %0t | rst = %b | estado = %b | contador = %d | verde = %b | amarillo = %b | rojo = %b", $time, v000001D35C8EC390_0, v000001D35C8ECA70_0, v000001D35C8EC930_0, v000001D35C8ECED0_0, v000001D35C8EC6B0_0, v000001D35C8ECF70_0 {0 0 0};
    %end;
    .thread T_3;
# The file index is used to find the file name in the following table.
:file_names 4;
    "N/A";
    "<interactive>";
    "lab0\tb_semaforo.v";
    "./lab0/semaforo1.v";
